[digicyfr.odoo.com/index.html]
[backblue.gif]
[fade.gif]
[index.html]
[digicyfr.odoo.com/web/image/website/1/My Website5f49.png]
[digicyfr.odoo.com/web/image/website/1/logo/My Website5f49.png]
[digicyfr.odoo.com/web/image/website/1/My Website5f49.ico]
[digicyfr.odoo.com/web/static/src/libs/fontawesome/fonts/fontawesome-webfont3e6e.woff2]
[digicyfr.odoo.com/web/assets/1/2fcbb1f/web.assets_frontend.min.css]
[digicyfr.odoo.com/web/assets/1/708ae75/web.assets_frontend_minimal.min.js]
[digicyfr.odoo.com/web/image/website/1/logo/My Website5f49-2.png]
[digicyfr.odoo.com/contactus.html]
[digicyfr.odoo.com/web/login.html]
[digicyfr.odoo.com/our-services.html]
[digicyfr.odoo.com/about-us.html]
[digicyfr.odoo.com/'/web/image/website.s_cover_default_image']
[digicyfr.odoo.com/'/web_editor/shape/web_editor/Origins/02_0011551.svg]
[digicyfr.odoo.com/web/image/1041-dc4aa12c/digicyfr-high-resolution-logo-black.png]
[digicyfr.odoo.com/web/static/img/odoo_logo_tiny.png]
[digicyfr.odoo.com/index.html]
[digicyfr.odoo.com/web/static/img/transparent.png]
[digicyfr.odoo.com/web/static/src/libs/fontawesome/fonts/fontawesome-webfont3e6e.woff]
[digicyfr.odoo.com/web/static/lib/odoo_ui_icons/fonts/odoo_ui_icons.woff2]
[digicyfr.odoo.com/web/static/lib/odoo_ui_icons/fonts/odoo_ui_icons.woff]
[digicyfr.odoo.com/web/static/lib/select2/select2.png]
[digicyfr.odoo.com/web/static/lib/select2/select2-spinner.gif]
[digicyfr.odoo.com/web/static/lib/select2/select2x2.png]
[digicyfr.odoo.com/web/static/fonts/tiktok_only.woff]
[digicyfr.odoo.com/web/static/fonts/twitter_x_only.woff]
[digicyfr.odoo.com/web/static/img/openhand.cur]
[digicyfr.odoo.com/web/assets/1/2fcbb1f/web.assets_frontend.min.css]
[digicyfr.odoo.com/'/web/image/website.s_parallax_default_image']
[digicyfr.odoo.com/contactus.html]
[digicyfr.odoo.com/web/reset_password.html]
[digicyfr.odoo.com/web/login.html]
[digicyfr.odoo.com/_/web/image/website.s_quotes_carousel_demo_image_0_]
[digicyfr.odoo.com/web/image/1052-d8f62621/DALL·E 2024-06-19 20.37.32 - A simplified and creative image showcasing an ERP solution for a mechanical engineering workshop. The image features a sleek, mo]
[digicyfr.odoo.com/web/image/1051-0f189f4d/DALL·E 2024-06-19 20.35.37 - An image showcasing an ERP solution for rental services. The image includes a modern office setting with a computer screen displ]
[digicyfr.odoo.com/web/image/1053-38a09634/DALL·E 2024-06-19 20.38.16 - An image showcasing an ERP solution for restaurants. The image features a sleek, modern computer screen displaying a user-friend]
[digicyfr.odoo.com/web/image/1050-da1d385a/WhatsApp Image 2024-06-19 at 8.34.23 PM.jpeg]
[digicyfr.odoo.com/_/web/image/website.s_quotes_carousel_demo_image_1_]
[digicyfr.odoo.com/web/image/website.s_quotes_carousel_demo_image_4.jpg]
[digicyfr.odoo.com/_/web/image/website.s_quotes_carousel_demo_image_2_]
[digicyfr.odoo.com/web/image/website.s_quotes_carousel_demo_image_5.jpg]
[digicyfr.odoo.com/our-services.html]
[digicyfr.odoo.com/web/image/1059-cc156b64/DALL·E 2024-06-19 20.41.12 - A creative and professional image showcasing Digicyfr's diverse ERP services. The image includes icons and graphics representing]
[digicyfr.odoo.com/web/image/1058-2bf65d03/DALL·E 2024-06-19 20.39.20 - A professional and modern image showcasing Digicyfr's innovative ERP solutions for modern businesses. The image features a sleek]
[digicyfr.odoo.com/about-us.html]
[digicyfr.odoo.com/'/web/image/website.html]
[digicyfr.odoo.com/'/web_editor/shape/web_editor/Origins/02_0011551.html]
[digicyfr.odoo.com/web/static/img/empty_folder.svg]
[digicyfr.odoo.com/web/static/img/mimetypes/unknown.svg]
[digicyfr.odoo.com/web/static/img/mimetypes/image.svg]
[digicyfr.odoo.com/web/static/img/mimetypes/audio.svg]
[digicyfr.odoo.com/web/static/img/mimetypes/text.svg]
[digicyfr.odoo.com/web/static/img/mimetypes/binary.svg]
[digicyfr.odoo.com/web/static/img/mimetypes/video.svg]
[digicyfr.odoo.com/web/static/img/mimetypes/archive.svg]
[digicyfr.odoo.com/web/static/img/mimetypes/pdf.svg]
[digicyfr.odoo.com/web/static/img/mimetypes/document.svg]
[digicyfr.odoo.com/web/static/img/mimetypes/web_code.svg]
[digicyfr.odoo.com/web/static/img/mimetypes/web_style.svg]
[digicyfr.odoo.com/web/static/img/mimetypes/disk.svg]
[digicyfr.odoo.com/web/static/img/mimetypes/spreadsheet.svg]
[digicyfr.odoo.com/web/static/img/mimetypes/certificate.svg]
[digicyfr.odoo.com/web/static/img/mimetypes/presentation.svg]
[digicyfr.odoo.com/web/static/img/mimetypes/font.svg]
[digicyfr.odoo.com/web/static/img/mimetypes/print.svg]
[digicyfr.odoo.com/web/static/img/mimetypes/script.svg]
[digicyfr.odoo.com/web/static/img/mimetypes/javascript.svg]
[digicyfr.odoo.com/web/static/img/mimetypes/calendar.svg]
[digicyfr.odoo.com/web/static/img/mimetypes/vector.svg]
[digicyfr.odoo.com/web_editor/static/src/img/curved_arrow.svg]
[digicyfr.odoo.com/web_editor/shape/web_editor/Airy/010678.svg]
[digicyfr.odoo.com/web_editor/shape/web_editor/Airy/020678.svg]
[digicyfr.odoo.com/web_editor/shape/web_editor/Airy/034d56.svg]
[digicyfr.odoo.com/web_editor/shape/web_editor/Airy/03_0014d56.svg]
[digicyfr.odoo.com/web_editor/shape/web_editor/Airy/040678.svg]
[digicyfr.odoo.com/web_editor/shape/web_editor/Airy/04_0010678.svg]
[digicyfr.odoo.com/web_editor/shape/web_editor/Airy/050678.svg]
[digicyfr.odoo.com/web_editor/shape/web_editor/Airy/05_0010678.svg]
[digicyfr.odoo.com/web_editor/shape/web_editor/Airy/067e50.svg]
[digicyfr.odoo.com/web_editor/shape/web_editor/Airy/077e50.svg]
[digicyfr.odoo.com/web_editor/shape/web_editor/Airy/080678.svg]
[digicyfr.odoo.com/web_editor/shape/web_editor/Airy/090678.svg]
[digicyfr.odoo.com/web_editor/shape/web_editor/Airy/104d56.svg]
[digicyfr.odoo.com/web_editor/shape/web_editor/Airy/114d56.svg]
[digicyfr.odoo.com/web_editor/shape/web_editor/Airy/124a1f.svg]
[digicyfr.odoo.com/web_editor/shape/web_editor/Airy/12_0014a1f.svg]
[digicyfr.odoo.com/web_editor/shape/web_editor/Airy/13c7a0.svg]
[digicyfr.odoo.com/web_editor/shape/web_editor/Airy/13_001c7a0.svg]
[digicyfr.odoo.com/web_editor/shape/web_editor/Airy/14c7a0.svg]
[digicyfr.odoo.com/web_editor/shape/web_editor/Blobs/017e50.svg]
[digicyfr.odoo.com/web_editor/shape/web_editor/Blobs/01_0017e50.svg]
[digicyfr.odoo.com/web_editor/shape/web_editor/Blobs/022c5e.svg]
[digicyfr.odoo.com/web_editor/shape/web_editor/Blobs/037e50.svg]
[digicyfr.odoo.com/web_editor/shape/web_editor/Blobs/044d56.svg]
[digicyfr.odoo.com/web_editor/shape/web_editor/Blobs/050678.svg]
[digicyfr.odoo.com/web_editor/shape/web_editor/Blobs/060678.svg]
[digicyfr.odoo.com/web_editor/shape/web_editor/Blobs/074d56.svg]
[digicyfr.odoo.com/web_editor/shape/web_editor/Blobs/080678.svg]
[digicyfr.odoo.com/web_editor/shape/web_editor/Blobs/096dea.svg]
[digicyfr.odoo.com/web_editor/shape/web_editor/Blobs/104fe4.svg]
[digicyfr.odoo.com/web_editor/shape/web_editor/Blobs/10_0010678.svg]
[digicyfr.odoo.com/web_editor/shape/web_editor/Blobs/110678.svg]
[digicyfr.odoo.com/web_editor/shape/web_editor/Blobs/120678.svg]
[digicyfr.odoo.com/web_editor/shape/web_editor/Blocks/01905f.svg]
[digicyfr.odoo.com/web_editor/shape/web_editor/Blocks/01_001905f.svg]
[digicyfr.odoo.com/web_editor/shape/web_editor/Blocks/02905f.svg]
[digicyfr.odoo.com/web_editor/shape/web_editor/Blocks/02_001905f.svg]
[digicyfr.odoo.com/web_editor/shape/web_editor/Blocks/03c7a0.svg]
[digicyfr.odoo.com/web_editor/shape/web_editor/Blocks/04c2ac.svg]
[digicyfr.odoo.com/web_editor/shape/web_editor/Bold/017e50.svg]
[digicyfr.odoo.com/web_editor/shape/web_editor/Bold/02b926.svg]
[digicyfr.odoo.com/web_editor/shape/web_editor/Bold/03905f.svg]
[digicyfr.odoo.com/web_editor/shape/web_editor/Bold/0416f5.svg]
[digicyfr.odoo.com/web_editor/shape/web_editor/Bold/054d56.svg]
[digicyfr.odoo.com/web_editor/shape/web_editor/Bold/05_0016dea.svg]
[digicyfr.odoo.com/web_editor/shape/web_editor/Bold/064d56.svg]
[digicyfr.odoo.com/web_editor/shape/web_editor/Bold/06_0016dea.svg]
[digicyfr.odoo.com/web_editor/shape/web_editor/Bold/072c5e.svg]
[digicyfr.odoo.com/web_editor/shape/web_editor/Bold/07_0012c5e.svg]
[digicyfr.odoo.com/web_editor/shape/web_editor/Bold/080678.svg]
[digicyfr.odoo.com/web_editor/shape/web_editor/Bold/0916f5.svg]
[digicyfr.odoo.com/web_editor/shape/web_editor/Bold/10f0cc.svg]
[digicyfr.odoo.com/web_editor/shape/web_editor/Bold/10_001ee06.svg]
[digicyfr.odoo.com/web_editor/shape/web_editor/Bold/11b926.svg]
[digicyfr.odoo.com/web_editor/shape/web_editor/Bold/11_0012c5e.svg]
[digicyfr.odoo.com/web_editor/shape/web_editor/Bold/128b82.svg]
[digicyfr.odoo.com/web_editor/shape/web_editor/Bold/12_0018b82.svg]
[digicyfr.odoo.com/web_editor/shape/web_editor/Floats/015fe9.svg]
[digicyfr.odoo.com/web_editor/shape/web_editor/Floats/02c2ac.svg]
[digicyfr.odoo.com/web_editor/shape/web_editor/Floats/03c2ac.svg]
[digicyfr.odoo.com/web_editor/shape/web_editor/Floats/04242b.svg]
[digicyfr.odoo.com/web_editor/shape/web_editor/Floats/05c2ac.svg]
[digicyfr.odoo.com/web_editor/shape/web_editor/Floats/06c2ac.svg]
[digicyfr.odoo.com/web_editor/shape/web_editor/Floats/07c2ac.svg]
[digicyfr.odoo.com/web_editor/shape/web_editor/Floats/08c2ac.svg]
[digicyfr.odoo.com/web_editor/shape/web_editor/Floats/09b926.svg]
[digicyfr.odoo.com/web_editor/shape/web_editor/Floats/10c2ac.svg]
[digicyfr.odoo.com/web_editor/shape/web_editor/Floats/114a1f.svg]
[digicyfr.odoo.com/web_editor/shape/web_editor/Floats/12c2ac.svg]
[digicyfr.odoo.com/web_editor/shape/web_editor/Floats/138b82.svg]
[digicyfr.odoo.com/web_editor/shape/web_editor/Floats/14c2ac.svg]
[digicyfr.odoo.com/web_editor/shape/web_editor/Origins/011873.svg]
[digicyfr.odoo.com/web_editor/shape/web_editor/Origins/026dea.svg]
[digicyfr.odoo.com/web_editor/shape/web_editor/Origins/02_0012635.svg]
[digicyfr.odoo.com/web_editor/shape/web_editor/Origins/036dea.svg]
[digicyfr.odoo.com/web_editor/shape/web_editor/Origins/046dea.svg]
[digicyfr.odoo.com/web_editor/shape/web_editor/Origins/04_0016dea.svg]
[digicyfr.odoo.com/web_editor/shape/web_editor/Origins/056dea.svg]
[digicyfr.odoo.com/web_editor/shape/web_editor/Origins/066dea.svg]
[digicyfr.odoo.com/web_editor/shape/web_editor/Origins/06_0015e32.svg]
[digicyfr.odoo.com/web_editor/shape/web_editor/Origins/076dea.svg]
[digicyfr.odoo.com/web_editor/shape/web_editor/Origins/07_001e039.svg]
[digicyfr.odoo.com/web_editor/shape/web_editor/Origins/07_0025661.svg]
[digicyfr.odoo.com/web_editor/shape/web_editor/Origins/086dea.svg]
[digicyfr.odoo.com/web_editor/shape/web_editor/Origins/094fe4.svg]
[digicyfr.odoo.com/web_editor/shape/web_editor/Origins/09_0016dea.svg]
[digicyfr.odoo.com/web_editor/shape/web_editor/Origins/101873.svg]
[digicyfr.odoo.com/web_editor/shape/web_editor/Origins/11e039.svg]
[digicyfr.odoo.com/web_editor/shape/web_editor/Origins/11_0015e32.svg]
[digicyfr.odoo.com/web_editor/shape/web_editor/Origins/12e039.svg]
[digicyfr.odoo.com/web_editor/shape/web_editor/Origins/13e039.svg]
[digicyfr.odoo.com/web_editor/shape/web_editor/Origins/14750f.svg]
[digicyfr.odoo.com/web_editor/shape/web_editor/Origins/14_0015e32.svg]
[digicyfr.odoo.com/web_editor/shape/web_editor/Origins/15750f.svg]
[digicyfr.odoo.com/web_editor/shape/web_editor/Origins/166dea.svg]
[digicyfr.odoo.com/web_editor/shape/web_editor/Origins/176dea.svg]
[digicyfr.odoo.com/web_editor/shape/web_editor/Origins/180678.svg]
[digicyfr.odoo.com/web_editor/shape/web_editor/Rainy/014fe4.svg]
[digicyfr.odoo.com/web_editor/shape/web_editor/Rainy/01_0014fe4.svg]
[digicyfr.odoo.com/web_editor/shape/web_editor/Rainy/02ee06.svg]
[digicyfr.odoo.com/web_editor/shape/web_editor/Rainy/02_001ee06.svg]
[digicyfr.odoo.com/web_editor/shape/web_editor/Rainy/03fbbc.svg]
[digicyfr.odoo.com/web_editor/shape/web_editor/Rainy/03_0011873.svg]
[digicyfr.odoo.com/web_editor/shape/web_editor/Rainy/044fe4.svg]
[digicyfr.odoo.com/web_editor/shape/web_editor/Rainy/054fe4.svg]
[digicyfr.odoo.com/web_editor/shape/web_editor/Rainy/05_0010678.svg]
[digicyfr.odoo.com/web_editor/shape/web_editor/Rainy/06b926.svg]
[digicyfr.odoo.com/web_editor/shape/web_editor/Rainy/07b926.svg]
[digicyfr.odoo.com/web_editor/shape/web_editor/Rainy/08c7a0.svg]
[digicyfr.odoo.com/web_editor/shape/web_editor/Rainy/08_001c7a0.svg]
[digicyfr.odoo.com/web_editor/shape/web_editor/Rainy/090678.svg]
[digicyfr.odoo.com/web_editor/shape/web_editor/Rainy/09_0010678.svg]
[digicyfr.odoo.com/web_editor/shape/web_editor/Rainy/104a1f.svg]
[digicyfr.odoo.com/web_editor/shape/web_editor/Wavy/01750f.svg]
[digicyfr.odoo.com/web_editor/shape/web_editor/Wavy/01_0016dea.svg]
[digicyfr.odoo.com/web_editor/shape/web_editor/Wavy/02750f.svg]
[digicyfr.odoo.com/web_editor/shape/web_editor/Wavy/02_0016dea.svg]
[digicyfr.odoo.com/web_editor/shape/web_editor/Wavy/032c5e.svg]
[digicyfr.odoo.com/web_editor/shape/web_editor/Wavy/044fe4.svg]
[digicyfr.odoo.com/web_editor/shape/web_editor/Wavy/054fe4.svg]
[digicyfr.odoo.com/web_editor/shape/web_editor/Wavy/06f0cc.svg]
[digicyfr.odoo.com/web_editor/shape/web_editor/Wavy/06_001905f.svg]
[digicyfr.odoo.com/web_editor/shape/web_editor/Wavy/076dea.svg]
[digicyfr.odoo.com/web_editor/shape/web_editor/Wavy/087e50.svg]
[digicyfr.odoo.com/web_editor/shape/web_editor/Wavy/094fe4.svg]
[digicyfr.odoo.com/web_editor/shape/web_editor/Wavy/102c5e.svg]
[digicyfr.odoo.com/web_editor/shape/web_editor/Wavy/11c7a0.svg]
[digicyfr.odoo.com/web_editor/shape/web_editor/Wavy/120678.svg]
[digicyfr.odoo.com/web_editor/shape/web_editor/Wavy/12_0010678.svg]
[digicyfr.odoo.com/web_editor/shape/web_editor/Wavy/13750f.svg]
[digicyfr.odoo.com/web_editor/shape/web_editor/Wavy/13_0010678.svg]
[digicyfr.odoo.com/web_editor/shape/web_editor/Wavy/144a1f.svg]
[digicyfr.odoo.com/web_editor/shape/web_editor/Wavy/150678.svg]
[digicyfr.odoo.com/web_editor/shape/web_editor/Wavy/160678.svg]
[digicyfr.odoo.com/web_editor/shape/web_editor/Wavy/170678.svg]
[digicyfr.odoo.com/web_editor/shape/web_editor/Wavy/184d56.svg]
[digicyfr.odoo.com/web_editor/shape/web_editor/Wavy/194d56.svg]
[digicyfr.odoo.com/web_editor/shape/web_editor/Wavy/207e50.svg]
[digicyfr.odoo.com/web_editor/shape/web_editor/Wavy/217e50.svg]
[digicyfr.odoo.com/web_editor/shape/web_editor/Wavy/226dea.svg]
[digicyfr.odoo.com/web_editor/shape/web_editor/Wavy/236dea.svg]
[digicyfr.odoo.com/web_editor/shape/web_editor/Wavy/242c5e.svg]
[digicyfr.odoo.com/web_editor/shape/web_editor/Wavy/252c5e.svg]
[digicyfr.odoo.com/web_editor/shape/web_editor/Wavy/262c5e.svg]
[digicyfr.odoo.com/web_editor/shape/web_editor/Wavy/272c5e.svg]
[digicyfr.odoo.com/web_editor/shape/web_editor/Wavy/284a1f.svg]
[digicyfr.odoo.com/web_editor/shape/web_editor/Zigs/017e50.svg]
[digicyfr.odoo.com/web_editor/shape/web_editor/Zigs/01_0017b14.svg]
[digicyfr.odoo.com/web_editor/shape/web_editor/Zigs/027e50.svg]
[digicyfr.odoo.com/web_editor/shape/web_editor/Zigs/02_0017e50.svg]
[digicyfr.odoo.com/web_editor/shape/web_editor/Zigs/030678.svg]
[digicyfr.odoo.com/web_editor/shape/web_editor/Zigs/040678.svg]
[digicyfr.odoo.com/web_editor/shape/web_editor/Zigs/056dea.svg]
[digicyfr.odoo.com/web_editor/shape/web_editor/Zigs/0686ea.svg]
[digicyfr.odoo.com/web_enterprise/static/img/background-light.svg]
[digicyfr.odoo.com/'/web/image/website-2.html]
[digicyfr.odoo.com/web/reset_password.html]
[digicyfr.odoo.com/_/web/image/website.html]
[digicyfr.odoo.com/_/web/image/website-2.html]
[digicyfr.odoo.com/_/web/image/website-3.html]
